Archive member included because of file (symbol)

/usr/bin/../lib/gcc/arm-none-eabi/4.7.4/../../../../arm-none-eabi/lib/armv7e-m/softfp/libc.a(lib_a-__atexit.o)
                              /usr/bin/../lib/gcc/arm-none-eabi/4.7.4/../../../../arm-none-eabi/lib/armv7e-m/softfp/crt0.o (__register_exitproc)
/usr/bin/../lib/gcc/arm-none-eabi/4.7.4/../../../../arm-none-eabi/lib/armv7e-m/softfp/libc.a(lib_a-exit.o)
                              /usr/bin/../lib/gcc/arm-none-eabi/4.7.4/../../../../arm-none-eabi/lib/armv7e-m/softfp/crt0.o (exit)
/usr/bin/../lib/gcc/arm-none-eabi/4.7.4/../../../../arm-none-eabi/lib/armv7e-m/softfp/libc.a(lib_a-fini.o)
                              /usr/bin/../lib/gcc/arm-none-eabi/4.7.4/../../../../arm-none-eabi/lib/armv7e-m/softfp/crt0.o (__libc_fini_array)
/usr/bin/../lib/gcc/arm-none-eabi/4.7.4/../../../../arm-none-eabi/lib/armv7e-m/softfp/libc.a(lib_a-impure.o)
                              /usr/bin/../lib/gcc/arm-none-eabi/4.7.4/../../../../arm-none-eabi/lib/armv7e-m/softfp/libc.a(lib_a-__atexit.o) (_global_impure_ptr)
/usr/bin/../lib/gcc/arm-none-eabi/4.7.4/../../../../arm-none-eabi/lib/armv7e-m/softfp/libc.a(lib_a-init.o)
                              /usr/bin/../lib/gcc/arm-none-eabi/4.7.4/../../../../arm-none-eabi/lib/armv7e-m/softfp/crt0.o (__libc_init_array)
/usr/bin/../lib/gcc/arm-none-eabi/4.7.4/../../../../arm-none-eabi/lib/armv7e-m/softfp/libc.a(lib_a-memset.o)
                              /usr/bin/../lib/gcc/arm-none-eabi/4.7.4/../../../../arm-none-eabi/lib/armv7e-m/softfp/crt0.o (memset)
/usr/bin/../lib/gcc/arm-none-eabi/4.7.4/../../../../arm-none-eabi/lib/armv7e-m/softfp/libc.a(lib_a-__call_atexit.o)
                              /usr/bin/../lib/gcc/arm-none-eabi/4.7.4/../../../../arm-none-eabi/lib/armv7e-m/softfp/libc.a(lib_a-exit.o) (__call_exitprocs)
/usr/bin/../lib/gcc/arm-none-eabi/4.7.4/../../../../arm-none-eabi/lib/armv7e-m/softfp/libc.a(lib_a-atexit.o)
                              /usr/bin/../lib/gcc/arm-none-eabi/4.7.4/../../../../arm-none-eabi/lib/armv7e-m/softfp/libc.a(lib_a-__call_atexit.o) (atexit)

Allocating common symbols
Common symbol       size              file

stanGPIOE           0x4               src/main.o
GPIO_InitStruct     0x8               src/main.o

Discarded input sections

 .text          0x0000000000000000        0x0 /usr/bin/../lib/gcc/arm-none-eabi/4.7.4/armv7e-m/softfp/crti.o
 .data          0x0000000000000000        0x0 /usr/bin/../lib/gcc/arm-none-eabi/4.7.4/armv7e-m/softfp/crti.o
 .bss           0x0000000000000000        0x0 /usr/bin/../lib/gcc/arm-none-eabi/4.7.4/armv7e-m/softfp/crti.o
 .data          0x0000000000000000        0x4 /usr/bin/../lib/gcc/arm-none-eabi/4.7.4/armv7e-m/softfp/crtbegin.o
 .text          0x0000000000000000       0x70 /usr/bin/../lib/gcc/arm-none-eabi/4.7.4/../../../../arm-none-eabi/lib/armv7e-m/softfp/crt0.o
 .data          0x0000000000000000        0x0 /usr/bin/../lib/gcc/arm-none-eabi/4.7.4/../../../../arm-none-eabi/lib/armv7e-m/softfp/crt0.o
 .bss           0x0000000000000000        0x0 /usr/bin/../lib/gcc/arm-none-eabi/4.7.4/../../../../arm-none-eabi/lib/armv7e-m/softfp/crt0.o
 .ARM.extab     0x0000000000000000        0x0 /usr/bin/../lib/gcc/arm-none-eabi/4.7.4/../../../../arm-none-eabi/lib/armv7e-m/softfp/crt0.o
 .ARM.exidx     0x0000000000000000        0x8 /usr/bin/../lib/gcc/arm-none-eabi/4.7.4/../../../../arm-none-eabi/lib/armv7e-m/softfp/crt0.o
 .ARM.attributes
                0x0000000000000000       0x22 /usr/bin/../lib/gcc/arm-none-eabi/4.7.4/../../../../arm-none-eabi/lib/armv7e-m/softfp/crt0.o
 .text          0x0000000000000000        0x0 Libraries/STM32F30x_StdPeriph_Driver/src/stm32f30x_adc.o
 .data          0x0000000000000000        0x0 Libraries/STM32F30x_StdPeriph_Driver/src/stm32f30x_adc.o
 .bss           0x0000000000000000        0x0 Libraries/STM32F30x_StdPeriph_Driver/src/stm32f30x_adc.o
 .text.ADC_DeInit
                0x0000000000000000       0x74 Libraries/STM32F30x_StdPeriph_Driver/src/stm32f30x_adc.o
 .text.ADC_Init
                0x0000000000000000       0x84 Libraries/STM32F30x_StdPeriph_Driver/src/stm32f30x_adc.o
 .text.ADC_InjecInit
                0x0000000000000000       0x6c Libraries/STM32F30x_StdPeriph_Driver/src/stm32f30x_adc.o
 .text.ADC_StructInit
                0x0000000000000000       0x54 Libraries/STM32F30x_StdPeriph_Driver/src/stm32f30x_adc.o
 .text.ADC_CommonInit
                0x0000000000000000       0xc0 Libraries/STM32F30x_StdPeriph_Driver/src/stm32f30x_adc.o
 .text.ADC_CommonStructInit
                0x0000000000000000       0x3c Libraries/STM32F30x_StdPeriph_Driver/src/stm32f30x_adc.o
 .text.ADC_GetMultiModeConversionValue
                0x0000000000000000       0x4c Libraries/STM32F30x_StdPeriph_Driver/src/stm32f30x_adc.o
 .text.ADC_Cmd  0x0000000000000000       0x38 Libraries/STM32F30x_StdPeriph_Driver/src/stm32f30x_adc.o
 .text.ADC_StartCalibration
[...]
Memory Configuration

Name             Origin             Length             Attributes
FLASH            0x0000000008000000 0x0000000000040000 xr
RAM              0x0000000020000000 0x000000000000a000 xrw
MEMORY_B1        0x0000000060000000 0x0000000000000000 xr
CCMRAM           0x0000000010000000 0x0000000000002000 rw
*default*        0x0000000000000000 0xffffffffffffffff

Linker script and memory map

LOAD /usr/bin/../lib/gcc/arm-none-eabi/4.7.4/armv7e-m/softfp/crti.o
LOAD /usr/bin/../lib/gcc/arm-none-eabi/4.7.4/armv7e-m/softfp/crtbegin.o
LOAD /usr/bin/../lib/gcc/arm-none-eabi/4.7.4/../../../../arm-none-eabi/lib/armv7e-m/softfp/crt0.o
LOAD Libraries/STM32F30x_StdPeriph_Driver/src/stm32f30x_adc.o
LOAD Libraries/STM32F30x_StdPeriph_Driver/src/stm32f30x_can.o
LOAD Libraries/STM32F30x_StdPeriph_Driver/src/stm32f30x_comp.o
LOAD Libraries/STM32F30x_StdPeriph_Driver/src/stm32f30x_crc.o
LOAD Libraries/STM32F30x_StdPeriph_Driver/src/stm32f30x_dac.o
LOAD Libraries/STM32F30x_StdPeriph_Driver/src/stm32f30x_dbgmcu.o
LOAD Libraries/STM32F30x_StdPeriph_Driver/src/stm32f30x_dma.o
LOAD Libraries/STM32F30x_StdPeriph_Driver/src/stm32f30x_exti.o
LOAD Libraries/STM32F30x_StdPeriph_Driver/src/stm32f30x_flash.o
LOAD Libraries/STM32F30x_StdPeriph_Driver/src/stm32f30x_gpio.o
LOAD Libraries/STM32F30x_StdPeriph_Driver/src/stm32f30x_i2c.o
LOAD Libraries/STM32F30x_StdPeriph_Driver/src/stm32f30x_iwdg.o
LOAD Libraries/STM32F30x_StdPeriph_Driver/src/stm32f30x_misc.o
LOAD Libraries/STM32F30x_StdPeriph_Driver/src/stm32f30x_opamp.o
LOAD Libraries/STM32F30x_StdPeriph_Driver/src/stm32f30x_pwr.o
LOAD Libraries/STM32F30x_StdPeriph_Driver/src/stm32f30x_rcc.o
LOAD Libraries/STM32F30x_StdPeriph_Driver/src/stm32f30x_rtc.o
LOAD Libraries/STM32F30x_StdPeriph_Driver/src/stm32f30x_spi.o
LOAD Libraries/STM32F30x_StdPeriph_Driver/src/stm32f30x_syscfg.o
LOAD Libraries/STM32F30x_StdPeriph_Driver/src/stm32f30x_tim.o
LOAD Libraries/STM32F30x_StdPeriph_Driver/src/stm32f30x_usart.o
LOAD Libraries/STM32F30x_StdPeriph_Driver/src/stm32f30x_wwdg.o
LOAD src/common.o
LOAD src/main.o
LOAD src/stm32f3_discovery.o
LOAD src/stm32f3_discovery_l3gd20.o
LOAD src/stm32f3_discovery_lsm303dlhc.o
LOAD src/system_stm32f30x.o
LOAD src/startup_stm32f30x.o
LOAD /usr/bin/../lib/gcc/arm-none-eabi/4.7.4/../../../../arm-none-eabi/lib/armv7e-m/softfp/libm.a
LOAD /usr/bin/../lib/gcc/arm-none-eabi/4.7.4/../../../../arm-none-eabi/lib/armv7e-m/softfp/libc.a
START GROUP
LOAD /usr/bin/../lib/gcc/arm-none-eabi/4.7.4/armv7e-m/softfp/libgcc.a
LOAD /usr/bin/../lib/gcc/arm-none-eabi/4.7.4/../../../../arm-none-eabi/lib/armv7e-m/softfp/libg.a
LOAD /usr/bin/../lib/gcc/arm-none-eabi/4.7.4/../../../../arm-none-eabi/lib/armv7e-m/softfp/libc.a
END GROUP
LOAD /usr/bin/../lib/gcc/arm-none-eabi/4.7.4/armv7e-m/softfp/crtend.o
LOAD /usr/bin/../lib/gcc/arm-none-eabi/4.7.4/armv7e-m/softfp/crtn.o
                0x000000002000a000                _estack = 0x2000a000
                0x0000000000000000                _Min_Heap_Size = 0x0
                0x0000000000000200                _Min_Stack_Size = 0x200

.isr_vector     0x0000000008000000      0x188
                0x0000000008000000                . = ALIGN (0x4)
 *(.isr_vector)
 .isr_vector    0x0000000008000000      0x188 src/startup_stm32f30x.o
                0x0000000008000000                g_pfnVectors
                0x0000000008000188                . = ALIGN (0x4)

.text           0x0000000008000188      0xacc
                0x0000000008000188                . = ALIGN (0x4)
 *(.text)
 .text          0x0000000008000188       0x54 /usr/bin/../lib/gcc/arm-none-eabi/4.7.4/armv7e-m/softfp/crtbegin.o
 *(.text*)
 .text.GPIO_Init
                0x00000000080001dc      0x150 Libraries/STM32F30x_StdPeriph_Driver/src/stm32f30x_gpio.o
                0x00000000080001dc                GPIO_Init
 .text.GPIO_ReadOutputData
                0x000000000800032c       0x1c Libraries/STM32F30x_StdPeriph_Driver/src/stm32f30x_gpio.o
                0x000000000800032c                GPIO_ReadOutputData
 .text.GPIO_Write
                0x0000000008000348       0x1c Libraries/STM32F30x_StdPeriph_Driver/src/stm32f30x_gpio.o
                0x0000000008000348                GPIO_Write
 .text.RCC_AHBPeriphClockCmd
                0x0000000008000364       0x54 Libraries/STM32F30x_StdPeriph_Driver/src/stm32f30x_rcc.o
                0x0000000008000364                RCC_AHBPeriphClockCmd
 .text.SysTick_Handler
                0x00000000080003b8       0x30 src/common.o
                0x00000000080003b8                SysTick_Handler
 .text._delay_ms
                0x00000000080003e8       0x38 src/common.o
                0x00000000080003e8                _delay_ms
 .text.NVIC_SetPriority
                0x0000000008000420       0x5c src/main.o
 .text.SysTick_Config
                0x000000000800047c       0x64 src/main.o
 .text.main     0x00000000080004e0       0xbc src/main.o
                0x00000000080004e0                main
 .text.Clock_Init
                0x000000000800059c       0x28 src/main.o
                0x000000000800059c                Clock_Init
 .text.IO_Init  0x00000000080005c4       0x6c src/main.o
                0x00000000080005c4                IO_Init
 .text.SystemInit
                0x0000000008000630       0xec src/system_stm32f30x.o
                0x0000000008000630                SystemInit
 .text.SystemCoreClockUpdate
                0x000000000800071c      0x13c src/system_stm32f30x.o
                0x000000000800071c                SystemCoreClockUpdate
 .text.SetSysClock
                0x0000000008000858      0x1d8 src/system_stm32f30x.o
 .text.Reset_Handler
                0x0000000008000a30       0x50 src/startup_stm32f30x.o
                0x0000000008000a30                Reset_Handler
 .text.Default_Handler
                0x0000000008000a80        0x4 src/startup_stm32f30x.o
                0x0000000008000a80                RTC_Alarm_IRQHandler
                0x0000000008000a80                TIM8_TRG_COM_IRQHandler
                0x0000000008000a80                TIM8_CC_IRQHandler
                0x0000000008000a80                DebugMon_Handler
                0x0000000008000a80                TIM1_CC_IRQHandler
                0x0000000008000a80                HardFault_Handler
                0x0000000008000a80                USB_HP_IRQHandler
                0x0000000008000a80                PVD_IRQHandler
                0x0000000008000a80                PendSV_Handler
                0x0000000008000a80                NMI_Handler
                0x0000000008000a80                EXTI3_IRQHandler
                0x0000000008000a80                EXTI0_IRQHandler
                0x0000000008000a80                I2C2_EV_IRQHandler
                0x0000000008000a80                FPU_IRQHandler
                0x0000000008000a80                EXTI2_TS_IRQHandler
                0x0000000008000a80                TIM1_UP_TIM16_IRQHandler
                0x0000000008000a80                UsageFault_Handler
                0x0000000008000a80                ADC1_2_IRQHandler
                0x0000000008000a80                SPI1_IRQHandler
                0x0000000008000a80                TIM6_DAC_IRQHandler
                0x0000000008000a80                TIM8_UP_IRQHandler
                0x0000000008000a80                DMA2_Channel2_IRQHandler
                0x0000000008000a80                DMA1_Channel4_IRQHandler
                0x0000000008000a80                USART3_IRQHandler
                0x0000000008000a80                DMA1_Channel7_IRQHandler
                0x0000000008000a80                CAN1_RX1_IRQHandler
                0x0000000008000a80                UART5_IRQHandler
                0x0000000008000a80                ADC3_IRQHandler
                0x0000000008000a80                TIM4_IRQHandler
                0x0000000008000a80                DMA2_Channel1_IRQHandler
                0x0000000008000a80                I2C1_EV_IRQHandler
                0x0000000008000a80                DMA1_Channel6_IRQHandler
                0x0000000008000a80                UART4_IRQHandler
                0x0000000008000a80                DMA2_Channel4_IRQHandler
                0x0000000008000a80                TIM3_IRQHandler
                0x0000000008000a80                RCC_IRQHandler
                0x0000000008000a80                DMA1_Channel1_IRQHandler
                0x0000000008000a80                Default_Handler
                0x0000000008000a80                USBWakeUp_RMP_IRQHandler
                0x0000000008000a80                EXTI15_10_IRQHandler
                0x0000000008000a80                TIM7_IRQHandler
                0x0000000008000a80                EXTI9_5_IRQHandler
                0x0000000008000a80                TAMPER_STAMP_IRQHandler
                0x0000000008000a80                RTC_WKUP_IRQHandler
                0x0000000008000a80                SPI2_IRQHandler
                0x0000000008000a80                MemManage_Handler
                0x0000000008000a80                SVC_Handler
                0x0000000008000a80                DMA2_Channel5_IRQHandler
                0x0000000008000a80                DMA1_Channel5_IRQHandler
                0x0000000008000a80                USB_LP_IRQHandler
                0x0000000008000a80                EXTI4_IRQHandler
                0x0000000008000a80                USB_LP_CAN1_RX0_IRQHandler
                0x0000000008000a80                TIM1_TRG_COM_TIM17_IRQHandler
                0x0000000008000a80                USB_HP_CAN1_TX_IRQHandler
                0x0000000008000a80                DMA1_Channel3_IRQHandler
                0x0000000008000a80                ADC4_IRQHandler
                0x0000000008000a80                WWDG_IRQHandler
                0x0000000008000a80                TIM2_IRQHandler
                0x0000000008000a80                COMP7_IRQHandler
                0x0000000008000a80                COMP1_2_3_IRQHandler
                0x0000000008000a80                EXTI1_IRQHandler
                0x0000000008000a80                USART2_IRQHandler
                0x0000000008000a80                COMP4_5_6_IRQHandler
                0x0000000008000a80                I2C2_ER_IRQHandler
                0x0000000008000a80                DMA1_Channel2_IRQHandler
                0x0000000008000a80                TIM8_BRK_IRQHandler
                0x0000000008000a80                CAN1_SCE_IRQHandler
                0x0000000008000a80                FLASH_IRQHandler
                0x0000000008000a80                BusFault_Handler
                0x0000000008000a80                USART1_IRQHandler
                0x0000000008000a80                SPI3_IRQHandler
                0x0000000008000a80                I2C1_ER_IRQHandler
                0x0000000008000a80                USBWakeUp_IRQHandler
                0x0000000008000a80                DMA2_Channel3_IRQHandler
                0x0000000008000a80                TIM1_BRK_TIM15_IRQHandler
 .text.__register_exitproc
                0x0000000008000a84       0xac /usr/bin/../lib/gcc/arm-none-eabi/4.7.4/../../../../arm-none-eabi/lib/armv7e-m/softfp/libc.a(lib_a-__atexit.o)
                0x0000000008000a84                __register_exitproc
 .text.__libc_fini_array
                0x0000000008000b30       0x50 /usr/bin/../lib/gcc/arm-none-eabi/4.7.4/../../../../arm-none-eabi/lib/armv7e-m/softfp/libc.a(lib_a-fini.o)
                0x0000000008000b30                __libc_fini_array
 .text.__libc_init_array
                0x0000000008000b80       0x94 /usr/bin/../lib/gcc/arm-none-eabi/4.7.4/../../../../arm-none-eabi/lib/armv7e-m/softfp/libc.a(lib_a-init.o)
                0x0000000008000b80                __libc_init_array
 .text.startup.register_fini
                0x0000000008000c14       0x14 /usr/bin/../lib/gcc/arm-none-eabi/4.7.4/../../../../arm-none-eabi/lib/armv7e-m/softfp/libc.a(lib_a-__call_atexit.o)
 .text.atexit   0x0000000008000c28        0xc /usr/bin/../lib/gcc/arm-none-eabi/4.7.4/../../../../arm-none-eabi/lib/armv7e-m/softfp/libc.a(lib_a-atexit.o)
                0x0000000008000c28                atexit
 *(.rodata)
 *(.rodata*)
 .rodata.str1.4
                0x0000000008000c34        0x4 /usr/bin/../lib/gcc/arm-none-eabi/4.7.4/../../../../arm-none-eabi/lib/armv7e-m/softfp/libc.a(lib_a-impure.o)
 .rodata._global_impure_ptr
                0x0000000008000c38        0x4 /usr/bin/../lib/gcc/arm-none-eabi/4.7.4/../../../../arm-none-eabi/lib/armv7e-m/softfp/libc.a(lib_a-impure.o)
                0x0000000008000c38                _global_impure_ptr
 *(.glue_7)
 .glue_7        0x0000000000000000        0x0 linker stubs
 *(.glue_7t)
 .glue_7t       0x0000000000000000        0x0 linker stubs
 *(.eh_frame)
 .eh_frame      0x0000000008000c3c        0x0 /usr/bin/../lib/gcc/arm-none-eabi/4.7.4/armv7e-m/softfp/crtbegin.o
 *(.init)
 .init          0x0000000008000c3c        0x4 /usr/bin/../lib/gcc/arm-none-eabi/4.7.4/armv7e-m/softfp/crti.o
                0x0000000008000c3c                _init
 .init          0x0000000008000c40        0x8 /usr/bin/../lib/gcc/arm-none-eabi/4.7.4/armv7e-m/softfp/crtn.o
 *(.fini)
 .fini          0x0000000008000c48        0x4 /usr/bin/../lib/gcc/arm-none-eabi/4.7.4/armv7e-m/softfp/crti.o
                0x0000000008000c48                _fini
 .fini          0x0000000008000c4c        0x8 /usr/bin/../lib/gcc/arm-none-eabi/4.7.4/armv7e-m/softfp/crtn.o
                0x0000000008000c54                . = ALIGN (0x4)
                0x0000000008000c54                _etext = .

.vfp11_veneer   0x0000000008000c54        0x0
 .vfp11_veneer  0x0000000000000000        0x0 linker stubs

.v4_bx          0x0000000008000c54        0x0
 .v4_bx         0x0000000000000000        0x0 linker stubs

.iplt           0x0000000008000c54        0x0
 .iplt          0x0000000000000000        0x0 /usr/bin/../lib/gcc/arm-none-eabi/4.7.4/armv7e-m/softfp/crtbegin.o

.rel.dyn        0x0000000008000c54        0x0
 .rel.iplt      0x0000000000000000        0x0 /usr/bin/../lib/gcc/arm-none-eabi/4.7.4/armv7e-m/softfp/crtbegin.o

.ARM.extab
 *(.ARM.extab* .gnu.linkonce.armextab.*)

.ARM            0x0000000008000c54        0x0
                0x0000000008000c54                __exidx_start = .
 *(.ARM.exidx*)
                0x0000000008000c54                __exidx_end = .

.preinit_array  0x0000000008000c54        0x0
                0x0000000008000c54                PROVIDE (__preinit_array_start, .)
 *(.preinit_array*)
                0x0000000008000c54                PROVIDE (__preinit_array_end, .)

.init_array     0x0000000008000c54        0x8
                0x0000000008000c54                PROVIDE (__init_array_start, .)
 *(SORT(.init_array.*))
 .init_array.00000
                0x0000000008000c54        0x4 /usr/bin/../lib/gcc/arm-none-eabi/4.7.4/../../../../arm-none-eabi/lib/armv7e-m/softfp/libc.a(lib_a-__call_atexit.o)
 *(.init_array*)
 .init_array    0x0000000008000c58        0x4 /usr/bin/../lib/gcc/arm-none-eabi/4.7.4/armv7e-m/softfp/crtbegin.o
                0x0000000008000c5c                PROVIDE (__init_array_end, .)

.fini_array     0x0000000008000c5c        0x4
                0x0000000008000c5c                PROVIDE (__fini_array_start, .)
 *(SORT(.fini_array.*))
 *(.fini_array*)
 .fini_array    0x0000000008000c5c        0x4 /usr/bin/../lib/gcc/arm-none-eabi/4.7.4/armv7e-m/softfp/crtbegin.o
                0x0000000008000c60                PROVIDE (__fini_array_end, .)
                0x0000000008000c60                _sidata = LOADADDR (.data)

.data           0x0000000020000000      0x440 load address 0x0000000008000c60
                0x0000000020000000                . = ALIGN (0x4)
                0x0000000020000000                _sdata = .
 *(.data)
 *(.data*)
 .data.pozLedOn
                0x0000000020000000        0x4 src/main.o
                0x0000000020000000                pozLedOn
 .data.SystemCoreClock
                0x0000000020000004        0x4 src/system_stm32f30x.o
                0x0000000020000004                SystemCoreClock
 .data.AHBPrescTable
                0x0000000020000008       0x10 src/system_stm32f30x.o
                0x0000000020000008                AHBPrescTable
 .data.impure_data
                0x0000000020000018      0x428 /usr/bin/../lib/gcc/arm-none-eabi/4.7.4/../../../../arm-none-eabi/lib/armv7e-m/softfp/libc.a(lib_a-impure.o)
                0x0000000020000440                . = ALIGN (0x4)
                0x0000000020000440                _edata = .
                0x00000000080010a0                _siccmram = LOADADDR (.ccmram)

.jcr            0x0000000020000440        0x0 load address 0x00000000080010a0
 .jcr           0x0000000020000440        0x0 /usr/bin/../lib/gcc/arm-none-eabi/4.7.4/armv7e-m/softfp/crtbegin.o

.igot.plt       0x0000000020000440        0x0 load address 0x00000000080010a0
 .igot.plt      0x0000000000000000        0x0 /usr/bin/../lib/gcc/arm-none-eabi/4.7.4/armv7e-m/softfp/crtbegin.o

.ccmram         0x0000000010000000        0x0 load address 0x00000000080010a0
                0x0000000010000000                . = ALIGN (0x4)
                0x0000000010000000                _sccmram = .
 *(.ccmram)
 *(.ccmram*)
                0x0000000010000000                . = ALIGN (0x4)
                0x0000000010000000                _eccmram = .
                0x0000000010000000                . = ALIGN (0x4)

.bss            0x0000000020000440       0x30
                0x0000000020000440                _sbss = .
                0x0000000020000440                __bss_start__ = _sbss
 *(.bss)
 .bss           0x0000000020000440       0x1c /usr/bin/../lib/gcc/arm-none-eabi/4.7.4/armv7e-m/softfp/crtbegin.o
 *(.bss*)
 .bss.TimingDelay
                0x000000002000045c        0x4 src/common.o
                0x000000002000045c                TimingDelay
 .bss.LedPortOff
                0x0000000020000460        0x4 src/main.o
                0x0000000020000460                LedPortOff
 *(COMMON)
 COMMON         0x0000000020000464        0xc src/main.o
                0x0000000020000464                stanGPIOE
                0x0000000020000468                GPIO_InitStruct
                0x0000000020000470                . = ALIGN (0x4)
                0x0000000020000470                _ebss = .
                0x0000000020000470                __bss_end__ = _ebss

._user_heap_stack
                0x0000000020000470      0x200
                0x0000000020000470                . = ALIGN (0x4)
                0x0000000020000470                PROVIDE (end, .)
                0x0000000020000470                PROVIDE (_end, .)
                0x0000000020000470                . = (. + _Min_Heap_Size)
                0x0000000020000670                . = (. + _Min_Stack_Size)
 *fill*         0x0000000020000470      0x200 00
                0x0000000020000670                . = ALIGN (0x4)

.memory_b1_text
 *(.mb1text)
 *(.mb1text*)
 *(.mb1rodata)
 *(.mb1rodata*)

/DISCARD/
 libc.a(*)
 libm.a(*)
 libgcc.a(*)

.ARM.attributes
                0x0000000000000000       0x30
 *(.ARM.attributes)
 .ARM.attributes
                0x0000000000000000       0x24 /usr/bin/../lib/gcc/arm-none-eabi/4.7.4/armv7e-m/softfp/crti.o
 .ARM.attributes
                0x0000000000000024       0x34 /usr/bin/../lib/gcc/arm-none-eabi/4.7.4/armv7e-m/softfp/crtbegin.o
 .ARM.attributes
                0x0000000000000058       0x39 Libraries/STM32F30x_StdPeriph_Driver/src/stm32f30x_gpio.o
 .ARM.attributes
                0x0000000000000091       0x39 Libraries/STM32F30x_StdPeriph_Driver/src/stm32f30x_rcc.o
 .ARM.attributes
                0x00000000000000ca       0x39 src/common.o
 .ARM.attributes
                0x0000000000000103       0x39 src/main.o
 .ARM.attributes
                0x000000000000013c       0x39 src/system_stm32f30x.o
 .ARM.attributes
                0x0000000000000175       0x21 src/startup_stm32f30x.o
 .ARM.attributes
                0x0000000000000196       0x34 /usr/bin/../lib/gcc/arm-none-eabi/4.7.4/../../../../arm-none-eabi/lib/armv7e-m/softfp/libc.a(lib_a-__atexit.o)
 .ARM.attributes
                0x00000000000001ca       0x34 /usr/bin/../lib/gcc/arm-none-eabi/4.7.4/../../../../arm-none-eabi/lib/armv7e-m/softfp/libc.a(lib_a-fini.o)
 .ARM.attributes
                0x00000000000001fe       0x34 /usr/bin/../lib/gcc/arm-none-eabi/4.7.4/../../../../arm-none-eabi/lib/armv7e-m/softfp/libc.a(lib_a-impure.o)
 .ARM.attributes
                0x0000000000000232       0x34 /usr/bin/../lib/gcc/arm-none-eabi/4.7.4/../../../../arm-none-eabi/lib/armv7e-m/softfp/libc.a(lib_a-init.o)
 .ARM.attributes
                0x0000000000000266       0x34 /usr/bin/../lib/gcc/arm-none-eabi/4.7.4/../../../../arm-none-eabi/lib/armv7e-m/softfp/libc.a(lib_a-__call_atexit.o)
 .ARM.attributes
                0x000000000000029a       0x34 /usr/bin/../lib/gcc/arm-none-eabi/4.7.4/../../../../arm-none-eabi/lib/armv7e-m/softfp/libc.a(lib_a-atexit.o)
 .ARM.attributes
                0x00000000000002ce       0x24 /usr/bin/../lib/gcc/arm-none-eabi/4.7.4/armv7e-m/softfp/crtn.o
OUTPUT(stm32f3.elf elf32-littlearm)

.debug_info     0x0000000000000000     0x217b
 .debug_info    0x0000000000000000      0x63f Libraries/STM32F30x_StdPeriph_Driver/src/stm32f30x_gpio.o
 .debug_info    0x000000000000063f      0xb85 Libraries/STM32F30x_StdPeriph_Driver/src/stm32f30x_rcc.o
 .debug_info    0x00000000000011c4      0x139 src/common.o
 .debug_info    0x00000000000012fd      0x931 src/main.o
 .debug_info    0x0000000000001c2e      0x4dd src/system_stm32f30x.o
 .debug_info    0x000000000000210b       0x70 src/startup_stm32f30x.o

.debug_abbrev   0x0000000000000000      0x741
 .debug_abbrev  0x0000000000000000      0x198 Libraries/STM32F30x_StdPeriph_Driver/src/stm32f30x_gpio.o
 .debug_abbrev  0x0000000000000198      0x1e7 Libraries/STM32F30x_StdPeriph_Driver/src/stm32f30x_rcc.o
 .debug_abbrev  0x000000000000037f       0xa3 src/common.o
 .debug_abbrev  0x0000000000000422      0x1c4 src/main.o
 .debug_abbrev  0x00000000000005e6      0x149 src/system_stm32f30x.o
 .debug_abbrev  0x000000000000072f       0x12 src/startup_stm32f30x.o

.debug_loc      0x0000000000000000      0xd74
 .debug_loc     0x0000000000000000      0x2d8 Libraries/STM32F30x_StdPeriph_Driver/src/stm32f30x_gpio.o
 .debug_loc     0x00000000000002d8      0x864 Libraries/STM32F30x_StdPeriph_Driver/src/stm32f30x_rcc.o
 .debug_loc     0x0000000000000b3c       0x9c src/common.o
 .debug_loc     0x0000000000000bd8      0x100 src/main.o
 .debug_loc     0x0000000000000cd8       0x9c src/system_stm32f30x.o

.debug_aranges  0x0000000000000000      0x298
 .debug_aranges
                0x0000000000000000       0x80 Libraries/STM32F30x_StdPeriph_Driver/src/stm32f30x_gpio.o
 .debug_aranges
                0x0000000000000080      0x150 Libraries/STM32F30x_StdPeriph_Driver/src/stm32f30x_rcc.o
 .debug_aranges
                0x00000000000001d0       0x30 src/common.o
 .debug_aranges
                0x0000000000000200       0x40 src/main.o
 .debug_aranges
                0x0000000000000240       0x30 src/system_stm32f30x.o
 .debug_aranges
                0x0000000000000270       0x28 src/startup_stm32f30x.o

.debug_ranges   0x0000000000000000      0x240
 .debug_ranges  0x0000000000000000       0x70 Libraries/STM32F30x_StdPeriph_Driver/src/stm32f30x_gpio.o
 .debug_ranges  0x0000000000000070      0x140 Libraries/STM32F30x_StdPeriph_Driver/src/stm32f30x_rcc.o
 .debug_ranges  0x00000000000001b0       0x20 src/common.o
 .debug_ranges  0x00000000000001d0       0x30 src/main.o
 .debug_ranges  0x0000000000000200       0x20 src/system_stm32f30x.o
 .debug_ranges  0x0000000000000220       0x20 src/startup_stm32f30x.o

.debug_line     0x0000000000000000      0xbff
 .debug_line    0x0000000000000000      0x286 Libraries/STM32F30x_StdPeriph_Driver/src/stm32f30x_gpio.o
 .debug_line    0x0000000000000286      0x4f2 Libraries/STM32F30x_StdPeriph_Driver/src/stm32f30x_rcc.o
 .debug_line    0x0000000000000778       0xed src/common.o
 .debug_line    0x0000000000000865      0x1b4 src/main.o
 .debug_line    0x0000000000000a19      0x172 src/system_stm32f30x.o
 .debug_line    0x0000000000000b8b       0x74 src/startup_stm32f30x.o

.debug_str      0x0000000000000000     0x10be
 .debug_str     0x0000000000000000      0x42d Libraries/STM32F30x_StdPeriph_Driver/src/stm32f30x_gpio.o
                                        0x469 (size before relaxing)
 .debug_str     0x000000000000042d      0x638 Libraries/STM32F30x_StdPeriph_Driver/src/stm32f30x_rcc.o
                                        0x7c5 (size before relaxing)
 .debug_str     0x0000000000000a65       0x4f src/common.o
                                        0x183 (size before relaxing)
 .debug_str     0x0000000000000ab4      0x5a2 src/main.o
                                        0x885 (size before relaxing)
 .debug_str     0x0000000000001056       0x68 src/system_stm32f30x.o
                                        0x2b4 (size before relaxing)

.comment        0x0000000000000000       0x70
 .comment       0x0000000000000000       0x70 Libraries/STM32F30x_StdPeriph_Driver/src/stm32f30x_gpio.o
                                         0x71 (size before relaxing)
 .comment       0x0000000000000000       0x71 Libraries/STM32F30x_StdPeriph_Driver/src/stm32f30x_rcc.o
 .comment       0x0000000000000000       0x71 src/common.o
 .comment       0x0000000000000000       0x71 src/main.o
 .comment       0x0000000000000000       0x71 src/system_stm32f30x.o

.debug_frame    0x0000000000000000      0x82c
 .debug_frame   0x0000000000000000      0x180 Libraries/STM32F30x_StdPeriph_Driver/src/stm32f30x_gpio.o
 .debug_frame   0x0000000000000180      0x44c Libraries/STM32F30x_StdPeriph_Driver/src/stm32f30x_rcc.o
 .debug_frame   0x00000000000005cc       0x60 src/common.o
 .debug_frame   0x000000000000062c       0xa4 src/main.o
 .debug_frame   0x00000000000006d0       0x64 src/system_stm32f30x.o
 .debug_frame   0x0000000000000734       0x34 /usr/bin/../lib/gcc/arm-none-eabi/4.7.4/../../../../arm-none-eabi/lib/armv7e-m/softfp/libc.a(lib_a-__atexit.o)
 .debug_frame   0x0000000000000768       0x2c /usr/bin/../lib/gcc/arm-none-eabi/4.7.4/../../../../arm-none-eabi/lib/armv7e-m/softfp/libc.a(lib_a-fini.o)
 .debug_frame   0x0000000000000794       0x30 /usr/bin/../lib/gcc/arm-none-eabi/4.7.4/../../../../arm-none-eabi/lib/armv7e-m/softfp/libc.a(lib_a-init.o)
 .debug_frame   0x00000000000007c4       0x48 /usr/bin/../lib/gcc/arm-none-eabi/4.7.4/../../../../arm-none-eabi/lib/armv7e-m/softfp/libc.a(lib_a-__call_atexit.o)
 .debug_frame   0x000000000000080c       0x20 /usr/bin/../lib/gcc/arm-none-eabi/4.7.4/../../../../arm-none-eabi/lib/armv7e-m/softfp/libc.a(lib_a-atexit.o)
